============================= test session starts =============================
platform win32 -- Python 3.12.11, pytest-9.0.2, pluggy-1.6.0
rootdir: C:\Users\yuusa\Desktop\play_motion
configfile: pyproject.toml
collected 1 item

tests\test_main.py F                                                     [100%]

================================== FAILURES ===================================
________________________________ test_imports _________________________________

    def test_imports() -> None:
        """必要なモジュールが正しくインポートできることを確認する."""
>       import config  # noqa: F401
        ^^^^^^^^^^^^^
E       ModuleNotFoundError: No module named 'config'

tests\test_main.py:6: ModuleNotFoundError
=========================== short test summary info ===========================
FAILED tests/test_main.py::test_imports - ModuleNotFoundError: No module name...
============================== 1 failed in 0.09s ==============================
